---
source: crates/codegraph/src/node_kind.rs
expression: pairs
---
- - Repository
  - 0
- - Package
  - 1
- - Module
  - 2
- - Directory
  - 3
- - File
  - 4
- - Namespace
  - 10
- - Class
  - 11
- - Interface
  - 12
- - Struct
  - 13
- - Trait
  - 14
- - Enum
  - 15
- - TypeAlias
  - 16
- - Function
  - 20
- - Method
  - 21
- - Constructor
  - 22
- - Property
  - 23
- - Field
  - 24
- - Parameter
  - 25
- - Variable
  - 26
- - Constant
  - 27
- - ApiEndpoint
  - 30
- - Controller
  - 31
- - Handler
  - 32
- - Middleware
  - 33
- - DatabaseEntity
  - 40
- - DatabaseTable
  - 41
- - DatabaseColumn
  - 42
- - Migration
  - 43
- - Queue
  - 50
- - QueueProducer
  - 51
- - QueueConsumer
  - 52
- - JobHandler
  - 53
- - Configuration
  - 60
- - EnvironmentVariable
  - 61
- - TestSuite
  - 70
- - TestCase
  - 71
- - Fixture
  - 72
- - ExternalDependency
  - 80
- - ExternalApi
  - 81
- - BuildTarget
  - 90
- - CliCommand
  - 91
- - Worker
  - 92
- - DocumentationRule
  - 100
- - ArchitecturalBoundary
  - 101
