---
source: crates/codegraph/src/edge_kind.rs
expression: pairs
---
- - CONTAINS
  - 0
- - DECLARES
  - 1
- - IMPORTS
  - 2
- - EXPORTS
  - 3
- - CALLS
  - 4
- - READS
  - 5
- - WRITES
  - 6
- - IMPLEMENTS
  - 7
- - EXTENDS
  - 8
- - OVERRIDES
  - 9
- - REFERENCES
  - 10
- - USES_TYPE
  - 11
- - RETURNS_TYPE
  - 12
- - ACCEPTS_TYPE
  - 13
- - ROUTES_TO
  - 14
- - HANDLED_BY
  - 15
- - TESTS
  - 16
- - COVERS
  - 17
- - PRODUCES_JOB
  - 18
- - CONSUMES_JOB
  - 19
- - READS_CONFIG
  - 20
- - WRITES_CONFIG
  - 21
- - READS_TABLE
  - 22
- - WRITES_TABLE
  - 23
- - DEPENDS_ON
  - 24
- - THROWS
  - 25
- - CATCHES
  - 26
- - SERIALIZES
  - 27
- - DESERIALIZES
  - 28
- - VALIDATES
  - 29
- - AUTHORIZES
  - 30
- - PUBLISHES
  - 31
- - SUBSCRIBES
  - 32
